// Jest Snapshot v1, https://goo.gl/fbAQLP

exports[`<Main /> Heading is rendering fine 1`] = `
<main>
  <h1>
    React Avan√ßado
  </h1>
</main>
`;
